\BOOKMARK [1][-]{section.1}{\376\377\133\236\232\214\166\356\166\204}{}% 1
\BOOKMARK [1][-]{section.2}{\376\377\133\236\232\214\116\352\126\150}{}% 2
\BOOKMARK [2][-]{subsection.2.1}{\376\377\154\271\156\364\133\236\232\214\133\236\232\214\116\352\126\150}{section.2}% 3
\BOOKMARK [2][-]{subsection.2.2}{\376\377\174\230\156\336\174\373\145\160\133\236\232\214\116\352\126\150}{section.2}% 4
\BOOKMARK [3][-]{subsubsection.2.2.1}{\376\377\000W\000T\000-\000C\000N\000Z\000\040\174\230\156\336\174\373\145\160\155\113\221\317\116\352}{subsection.2.2}% 5
\BOOKMARK [3][-]{subsubsection.2.2.2}{\376\377\165\065\133\120\171\322\210\150}{subsection.2.2}% 6
\BOOKMARK [1][-]{section.3}{\376\377\133\236\232\214\123\237\164\006}{}% 7
\BOOKMARK [2][-]{subsection.3.1}{\376\377\154\271\156\364\133\236\232\214\123\237\164\006}{section.3}% 8
\BOOKMARK [3][-]{subsubsection.3.1.1}{\376\377\227\131\140\001\377\010\136\163\210\141\377\011\155\113\221\317\154\325}{subsection.3.1}% 9
\BOOKMARK [3][-]{subsubsection.3.1.2}{\376\377\122\250\140\001\377\010\227\136\136\163\210\141\377\011\155\113\221\317\154\325}{subsection.3.1}% 10
\BOOKMARK [3][-]{subsubsection.3.1.3}{\376\377\145\160\143\156\131\004\164\006\116\016\153\324\217\203}{subsection.3.1}% 11
\BOOKMARK [2][-]{subsection.3.2}{\376\377\174\230\136\246\174\373\145\160\133\236\232\214\123\237\164\006}{section.3}% 12
\BOOKMARK [1][-]{section.4}{\376\377\133\236\232\214\121\205\133\271}{}% 13
\BOOKMARK [2][-]{subsection.4.1}{\376\377\154\271\156\364\133\236\232\214\133\236\232\214\121\205\133\271\116\016\153\145\232\244}{section.4}% 14
\BOOKMARK [2][-]{subsection.4.2}{\376\377\174\230\156\336\133\236\232\214\153\145\232\244}{section.4}% 15
\BOOKMARK [1][-]{section.5}{\376\377\133\236\232\214\145\160\143\156\116\016\122\006\147\220}{}% 16
\BOOKMARK [2][-]{subsection.5.1}{\376\377\133\306\221\314\150\071\154\271\156\364\133\236\232\214\166\204\133\236\232\214\145\160\143\156}{section.5}% 17
\BOOKMARK [3][-]{subsubsection.5.1.1}{\376\377\133\306\172\313\150\071\154\271\156\364\133\236\232\214\176\323\147\234\213\241\173\227\116\016\122\006\147\220}{subsection.5.1}% 18
\BOOKMARK [3][-]{subsubsection.5.1.2}{\376\377\127\372\147\054\165\065\203\167\155\113\221\317\120\074\166\204\213\241\173\227}{subsection.5.1}% 19
\BOOKMARK [3][-]{subsubsection.5.1.3}{\376\377\133\236\232\214\176\323\147\234\176\337\213\241}{subsection.5.1}% 20
\BOOKMARK [2][-]{subsection.5.2}{\376\377\174\230\156\336\174\373\145\160\133\236\232\214\145\160\143\156\131\004\164\006\116\016\176\323\147\234}{section.5}% 21
\BOOKMARK [1][-]{section.6}{\376\377\140\035\200\003\230\230\211\343\173\124}{}% 22
\BOOKMARK [2][-]{subsection.6.1}{\376\377\133\306\172\313\150\071\154\271\156\364\133\236\232\214\220\350\122\006}{section.6}% 23
\BOOKMARK [2][-]{subsection.6.2}{\376\377\204\075\164\003\154\325\155\113\133\232\155\262\117\123\174\230\136\246\220\350\122\006}{section.6}% 24
\BOOKMARK [1][-]{section.7}{\376\377\123\237\131\313\133\236\232\214\213\260\137\125\210\150\124\214\230\204\116\140\142\245\124\112}{}% 25
