\BOOKMARK [1][-]{section.1}{\376\377\133\236\232\214\166\356\166\204}{}% 1
\BOOKMARK [1][-]{section.2}{\376\377\133\236\232\214\116\352\126\150\116\016\165\050\121\167}{}% 2
\BOOKMARK [2][-]{subsection.2.1}{\376\377\116\352\126\150\150\070\137\303\176\323\147\204}{section.2}% 3
\BOOKMARK [2][-]{subsection.2.2}{\376\377\116\073\211\201\142\200\147\057\143\007\150\007}{section.2}% 4
\BOOKMARK [1][-]{section.3}{\376\377\133\236\232\214\123\237\164\006}{}% 5
\BOOKMARK [2][-]{subsection.3.1}{\376\377\170\105\121\111\165\065\154\140\166\204\135\345\117\134\147\072\122\066\000\040\040\024\040\024\000\040\121\111\165\037\117\017\162\171\145\110\136\224}{section.3}% 6
\BOOKMARK [2][-]{subsection.3.2}{\376\377\145\340\121\111\161\147\145\366\166\204\117\017\133\211\162\171\140\047\377\010\116\214\147\201\173\241\162\171\140\047\377\011}{section.3}% 7
\BOOKMARK [2][-]{subsection.3.3}{\376\377\121\111\161\147\145\366\166\204\217\223\121\372\162\171\140\047\116\016\121\163\225\056\123\302\145\160}{section.3}% 8
\BOOKMARK [3][-]{subsubsection.3.3.1}{\376\377\167\355\215\357\165\065\155\101\116\016\137\000\215\357\165\065\123\213}{subsection.3.3}% 9
\BOOKMARK [3][-]{subsubsection.3.3.2}{\376\377\117\017\133\211\162\171\140\047}{subsection.3.3}% 10
\BOOKMARK [3][-]{subsubsection.3.3.3}{\376\377\215\037\217\175\162\171\140\047\116\016\147\000\131\047\217\223\121\372\122\237\163\207}{subsection.3.3}% 11
\BOOKMARK [3][-]{subsubsection.3.3.4}{\376\377\130\153\121\105\126\340\133\120\000\040\000\050\000F\000F\000\051}{subsection.3.3}% 12
\BOOKMARK [2][-]{subsection.3.4}{\376\377\121\111\156\220\133\232\150\007\116\016\121\111\137\072\121\163\174\373}{section.3}% 13
\BOOKMARK [1][-]{section.4}{\376\377\133\236\232\214\121\205\133\271}{}% 14
\BOOKMARK [2][-]{subsection.4.1}{\376\377\133\236\232\214\116\000\377\032\145\340\121\111\161\147\170\105\121\111\165\065\154\140\166\204\117\017\133\211\162\171\140\047\155\113\221\317}{section.4}% 15
\BOOKMARK [3][-]{subsubsection.4.1.1}{\376\377\133\236\232\214\144\315\117\134}{subsection.4.1}% 16
\BOOKMARK [3][-]{subsubsection.4.1.2}{\376\377\145\160\143\156\131\004\164\006}{subsection.4.1}% 17
\BOOKMARK [2][-]{subsection.4.2}{\376\377\133\236\232\214\116\214\377\032\121\111\137\072\116\015\123\330\145\366\377\014\170\105\121\111\165\065\154\140\166\204\215\037\217\175\162\171\140\047\155\113\221\317}{section.4}% 18
\BOOKMARK [3][-]{subsubsection.4.2.1}{\376\377\133\236\232\214\144\315\117\134}{subsection.4.2}% 19
\BOOKMARK [3][-]{subsubsection.4.2.2}{\376\377\145\160\143\156\131\004\164\006}{subsection.4.2}% 20
\BOOKMARK [2][-]{subsection.4.3}{\376\377\133\236\232\214\116\011\377\032\121\111\156\220\133\232\150\007\377\010\121\111\156\220\165\065\123\213\000-\121\111\137\072\121\163\174\373\155\113\221\317\377\011}{section.4}% 21
\BOOKMARK [3][-]{subsubsection.4.3.1}{\376\377\133\236\232\214\144\315\117\134}{subsection.4.3}% 22
\BOOKMARK [3][-]{subsubsection.4.3.2}{\376\377\145\160\143\156\131\004\164\006}{subsection.4.3}% 23
\BOOKMARK [2][-]{subsection.4.4}{\376\377\133\236\232\214\126\333\377\032\137\000\215\357\165\065\123\213\000\040\000U\000_\000O\000C\000\040\116\016\166\370\133\371\121\111\137\072\166\204\121\163\174\373\155\113\221\317}{section.4}% 24
\BOOKMARK [3][-]{subsubsection.4.4.1}{\376\377\133\236\232\214\144\315\117\134}{subsection.4.4}% 25
\BOOKMARK [3][-]{subsubsection.4.4.2}{\376\377\145\160\143\156\131\004\164\006}{subsection.4.4}% 26
\BOOKMARK [2][-]{subsection.4.5}{\376\377\133\236\232\214\116\224\377\032\167\355\215\357\165\065\155\101\000\040\000I\000_\000S\000C\000\040\116\016\166\370\133\371\121\111\137\072\166\204\121\163\174\373\155\113\221\317}{section.4}% 27
\BOOKMARK [3][-]{subsubsection.4.5.1}{\376\377\133\236\232\214\144\315\117\134}{subsection.4.5}% 28
\BOOKMARK [3][-]{subsubsection.4.5.2}{\376\377\145\160\143\156\131\004\164\006}{subsection.4.5}% 29
\BOOKMARK [2][-]{subsection.4.6}{\376\377\133\236\232\214\121\155\377\032\123\315\124\021\120\117\123\213\162\266\140\001\116\013\170\105\121\111\165\065\154\140\166\204\121\111\165\065\162\171\140\047}{section.4}% 30
\BOOKMARK [3][-]{subsubsection.4.6.1}{\376\377\133\236\232\214\144\315\117\134}{subsection.4.6}% 31
\BOOKMARK [3][-]{subsubsection.4.6.2}{\376\377\145\160\143\156\131\004\164\006}{subsection.4.6}% 32
\BOOKMARK [1][-]{section.5}{\376\377\133\236\232\214\145\160\143\156}{}% 33
\BOOKMARK [2][-]{subsection.5.1}{\376\377\145\340\121\111\161\147\116\013\377\014\170\105\121\111\165\065\154\140\166\204\117\017\133\211\162\171\140\047\377\010\213\241\173\227\170\105\121\111\165\065\154\140\116\044\172\357\165\065\123\213\123\312\220\032\217\307\165\065\155\101\377\014\176\330\122\066\000\040\000I\000-\000U\000\040\146\362\176\277\377\011}{section.5}% 34
\BOOKMARK [2][-]{subsection.5.2}{\376\377\121\111\137\072\116\015\123\330\377\014\170\105\121\111\165\065\154\140\166\204\215\037\217\175\162\171\140\047\377\010\176\330\122\066\000\040\000I\000-\000U\000\040\146\362\176\277\126\376\377\014\123\312\000\040\000P\000-\000R\000_\000L\000\040\146\362\176\277\126\376\377\033\137\227\122\060\000\040\000P\000_\000m\060\001\000U\000_\000m\060\001\000I\000_\000m\060\001\000R\000_\000m\000\040\145\160\120\074\377\033\213\241\173\227\000\040\000F\000F\000\040\120\074\377\011}{section.5}% 35
\BOOKMARK [2][-]{subsection.5.3}{\376\377\121\111\156\220\133\232\150\007\377\010\176\330\122\066\000\040\000P\000_\121\111\137\072\000\040\000-\000\040\000U\000_\0000\000\040\146\362\176\277\377\014\137\227\122\060\000\040\000P\000_\121\111\137\072\000\040\176\317\232\214\121\154\137\017\377\011}{section.5}% 36
\BOOKMARK [2][-]{subsection.5.4}{\376\377\137\000\215\357\165\065\123\213\000\040\000U\000_\000O\000C\000\040\116\016\166\370\133\371\121\111\137\072\166\204\121\163\174\373}{section.5}% 37
\BOOKMARK [2][-]{subsection.5.5}{\376\377\167\355\215\357\165\065\155\101\000\040\000I\000_\000S\000C\000\040\116\016\166\370\133\371\121\111\137\072\166\204\121\163\174\373}{section.5}% 38
\BOOKMARK [2][-]{subsection.5.6}{\376\377\123\315\124\021\120\117\123\213\162\266\140\001\116\013\170\105\121\111\165\065\154\140\166\204\121\111\165\065\162\171\140\047}{section.5}% 39
\BOOKMARK [1][-]{section.6}{\376\377\133\236\232\214\140\073\176\323}{}% 40
\BOOKMARK [1][-]{section.7}{\376\377\140\035\200\003\230\230}{}% 41
\BOOKMARK [1][-]{section.8}{\376\377\123\237\131\313\213\260\137\125\124\214\230\204\116\140\133\236\232\214\142\245\124\112}{}% 42
