\BOOKMARK [1][-]{section.1}{\376\377\0001\000\040\133\236\232\214\166\356\166\204}{}% 1
\BOOKMARK [2][-]{subsection.1.1}{\376\377\0001\000.\0001\000\040\137\027\121\160\121\113\000-\215\153\121\171\133\236\232\214}{section.1}% 2
\BOOKMARK [2][-]{subsection.1.2}{\376\377\0001\000.\0002\000\040\165\065\133\120\203\167\215\050\153\324\133\236\232\214}{section.1}% 3
\BOOKMARK [1][-]{section.2}{\376\377\0002\000\040\133\236\232\214\116\352\126\150\116\016\165\050\121\167\000\040}{}% 4
\BOOKMARK [2][-]{subsection.2.1}{\376\377\0002\000.\0001\000\040\137\027\121\160\121\113\000-\215\153\121\171\133\236\232\214}{section.2}% 5
\BOOKMARK [2][-]{subsection.2.2}{\376\377\0002\000.\0002\000\040\165\065\133\120\203\167\215\050\153\324\133\236\232\214}{section.2}% 6
\BOOKMARK [1][-]{section.3}{\376\377\0003\000\040\133\236\232\214\123\237\164\006}{}% 7
\BOOKMARK [2][-]{subsection.3.1}{\376\377\0003\000.\0001\000\040\165\065\133\120\147\137\166\204\120\117\217\154\060\001\200\132\161\046\116\016\203\167\215\050\153\324\155\113\221\317}{section.3}% 8
\BOOKMARK [3][-]{subsubsection.3.1.1}{\376\377\0003\000.\0001\000.\0001\000\040\165\065\120\117\217\154}{subsection.3.1}% 9
\BOOKMARK [3][-]{subsubsection.3.1.2}{\376\377\0003\000.\0001\000.\0002\000\040\170\301\120\117\217\154}{subsection.3.1}% 10
\BOOKMARK [3][-]{subsubsection.3.1.3}{\376\377\0003\000.\0001\000.\0003\000\040\165\065\200\132\161\046}{subsection.3.1}% 11
\BOOKMARK [3][-]{subsubsection.3.1.4}{\376\377\0003\000.\0001\000.\0004\000\040\170\301\200\132\161\046\124\214\165\065\133\120\203\167\215\050\153\324\166\204\155\113\221\317}{subsection.3.1}% 12
\BOOKMARK [2][-]{subsection.3.2}{\376\377\0003\000.\0002\000\040\137\027\121\160\121\113\000-\215\153\121\171\133\236\232\214\123\237\164\006}{section.3}% 13
\BOOKMARK [3][-]{subsubsection.3.2.1}{\376\377\0003\000.\0002\000.\0001\000\040\165\065\133\120\116\016\123\237\133\120\116\113\225\364\166\204\166\370\116\222\117\134\165\050}{subsection.3.2}% 14
\BOOKMARK [3][-]{subsubsection.3.2.2}{\376\377\0003\000.\0002\000.\0002\000\040\145\351\147\037\166\204\137\027\121\160\121\113\000-\215\153\121\171\133\236\232\214}{subsection.3.2}% 15
\BOOKMARK [3][-]{subsubsection.3.2.3}{\376\377\0003\000.\0002\000.\0003\000\040\123\314\150\005\147\361\227\142\127\213\126\333\147\201\137\017\137\027\121\160\121\113\000-\215\153\121\171\173\241}{subsection.3.2}% 16
\BOOKMARK [3][-]{subsubsection.3.2.4}{\376\377\0003\000.\0002\000.\0004\000\040\133\236\232\214\210\305\177\156\123\237\164\006}{subsection.3.2}% 17
\BOOKMARK [1][-]{section.4}{\376\377\0004\000\040\133\236\232\214\153\145\232\244}{}% 18
\BOOKMARK [2][-]{subsection.4.1}{\376\377\0004\000.\0001\000\040\165\065\133\120\147\137\133\236\232\214}{section.4}% 19
\BOOKMARK [3][-]{subsubsection.4.1.1}{\376\377\0004\000.\0001\000.\0001\000\040\165\065\120\117\217\154}{subsection.4.1}% 20
\BOOKMARK [3][-]{subsubsection.4.1.2}{\376\377\0004\000.\0001\000.\0002\000\040\170\301\120\117\217\154}{subsection.4.1}% 21
\BOOKMARK [3][-]{subsubsection.4.1.3}{\376\377\0004\000.\0001\000.\0003\000\040\165\065\200\132\161\046}{subsection.4.1}% 22
\BOOKMARK [3][-]{subsubsection.4.1.4}{\376\377\0004\000.\0001\000.\0004\000\040\170\301\200\132\161\046\116\016\165\065\133\120\203\167\215\050\153\324\155\113\221\317}{subsection.4.1}% 23
\BOOKMARK [2][-]{subsection.4.2}{\376\377\0004\000.\0002\000\040\137\027\121\160\121\113\000-\215\153\121\171\133\236\232\214}{section.4}% 24
\BOOKMARK [3][-]{subsubsection.4.2.1}{\376\377\0004\000.\0002\000.\0001\000\040\142\113\122\250\155\113\221\317\154\325}{subsection.4.2}% 25
\BOOKMARK [3][-]{subsubsection.4.2.2}{\376\377\0004\000.\0002\000.\0002\000\040\171\072\154\342\126\150\211\302\133\337\154\325}{subsection.4.2}% 26
\BOOKMARK [1][-]{section.5}{\376\377\0005\000\040\133\236\232\214\145\160\143\156\124\214\131\004\164\006}{}% 27
\BOOKMARK [2][-]{subsection.5.1}{\376\377\0005\000.\0001\000\040\165\065\120\117\217\154\133\236\232\214\145\160\143\156}{section.5}% 28
\BOOKMARK [2][-]{subsection.5.2}{\376\377\0005\000.\0002\000\040\170\301\120\117\217\154\133\236\232\214\145\160\143\156}{section.5}% 29
\BOOKMARK [2][-]{subsection.5.3}{\376\377\0005\000.\0003\000\040\165\065\200\132\161\046\133\236\232\214\145\160\143\156}{section.5}% 30
\BOOKMARK [2][-]{subsection.5.4}{\376\377\0005\000.\0004\000\040\165\065\133\120\203\167\215\050\153\324\133\236\232\214\145\160\143\156}{section.5}% 31
\BOOKMARK [2][-]{subsection.5.5}{\376\377\0005\000.\0005\000\040\137\027\121\160\121\113\215\153\121\171\142\113\122\250\155\113\221\317\145\160\143\156\213\260\137\125\210\150}{section.5}% 32
\BOOKMARK [2][-]{subsection.5.6}{\376\377\0005\000.\0006\000\040\137\027\121\160\121\113\215\153\121\171\154\342\137\142\126\376\155\113\221\317\145\160\143\156}{section.5}% 33
\BOOKMARK [1][-]{section.6}{\376\377\0006\000\040\140\035\200\003\230\230}{}% 34
\BOOKMARK [1][-]{section.7}{\376\377\0007\000\040\123\237\131\313\213\260\137\125\210\150\124\214\230\204\116\140\142\245\124\112}{}% 35
\BOOKMARK [1][-]{section.8}{\376\377\0008\000\040\226\104\137\125\377\032\133\236\232\214\145\160\143\156\131\004\164\006\116\343\170\001}{}% 36
\BOOKMARK [2][-]{subsection.8.1}{\376\377\0008\000.\0001\000\040\165\065\120\117\217\154\160\165\145\117\136\246\213\241\173\227\116\016\176\330\126\376\000\040\000\050\000c\000a\000l\000c\000u\000l\000a\000t\000e\000\137\000s\000e\000n\000s\000i\000t\000i\000v\000i\000t\000y\000.\000p\000y\000\051}{section.8}% 37
\BOOKMARK [2][-]{subsection.8.2}{\376\377\0008\000.\0002\000\040\170\301\120\117\217\154\160\165\145\117\136\246\213\241\173\227\116\016\176\330\126\376\000\040\000\050\000c\000a\000l\000c\000u\000l\000a\000t\000e\000\137\000m\000a\000g\000n\000e\000t\000i\000c\000\137\000s\000e\000n\000s\000i\000t\000i\000v\000i\000t\000y\000.\000p\000y\000\051}{section.8}% 38
\BOOKMARK [2][-]{subsection.8.3}{\376\377\0008\000.\0003\000\040\165\065\200\132\161\046\145\160\143\156\131\004\164\006\000\040\000\050\000c\000a\000l\000c\000u\000l\000a\000t\000e\000\137\000f\000o\000c\000u\000s\000i\000n\000g\000\137\000v\0002\000.\000p\000y\000\051}{section.8}% 39
\BOOKMARK [2][-]{subsection.8.4}{\376\377\0008\000.\0004\000\040\137\027\121\160\121\113\000-\215\153\121\171\133\236\232\214\145\160\143\156\131\004\164\006\000\040\000\050\000p\000r\000o\000c\000e\000s\000s\000\137\000f\000h\000\137\000d\000a\000t\000a\000.\000p\000y\000\051}{section.8}% 40
