\BOOKMARK [1][-]{section.1}{\376\377\133\236\232\214\166\356\166\204}{}% 1
\BOOKMARK [1][-]{section.2}{\376\377\133\236\232\214\116\352\126\150\116\016\165\050\121\167}{}% 2
\BOOKMARK [1][-]{section.3}{\376\377\133\236\232\214\123\237\164\006}{}% 3
\BOOKMARK [2][-]{subsection.3.1}{\376\377\116\062\200\124\214\020\143\057}{section.3}% 4
\BOOKMARK [2][-]{subsection.3.2}{\376\377\136\166\200\124\214\020\143\057}{section.3}% 5
\BOOKMARK [2][-]{subsection.3.3}{\376\377\000R\000L\000C\165\065\215\357\166\204\146\202\140\001\217\307\172\013}{section.3}% 6
\BOOKMARK [1][-]{section.4}{\376\377\133\236\232\214\121\205\133\271}{}% 7
\BOOKMARK [2][-]{subsection.4.1}{\376\377\000R\000L\000C\116\062\200\124\165\065\215\357\166\370\230\221\162\171\140\047\116\016\136\105\230\221\162\171\140\047\146\362\176\277\155\113\221\317}{section.4}% 8
\BOOKMARK [2][-]{subsection.4.2}{\376\377\000R\000L\000C\136\166\200\124\165\065\215\357\166\370\230\221\162\171\140\047\116\016\136\105\230\221\162\171\140\047\146\362\176\277\155\113\221\317}{section.4}% 9
\BOOKMARK [2][-]{subsection.4.3}{\376\377\000R\000L\000C\116\062\200\124\165\065\215\357\146\202\140\001\217\307\172\013\211\302\155\113}{section.4}% 10
\BOOKMARK [1][-]{section.5}{\376\377\133\236\232\214\145\160\143\156\116\016\122\006\147\220}{}% 11
\BOOKMARK [2][-]{subsection.5.1}{\376\377\000R\000L\000C\116\062\200\124\165\065\215\357\133\236\232\214\145\160\143\156\116\016\122\006\147\220}{section.5}% 12
\BOOKMARK [3][-]{subsubsection.5.1.1}{\376\377\133\236\232\214\145\160\143\156\116\016\162\171\140\047\146\362\176\277}{subsection.5.1}% 13
\BOOKMARK [3][-]{subsubsection.5.1.2}{\376\377\145\160\143\156\122\006\147\220}{subsection.5.1}% 14
\BOOKMARK [3][-]{subsubsection.5.1.3}{\376\377\133\236\232\214\140\073\176\323}{subsection.5.1}% 15
\BOOKMARK [2][-]{subsection.5.2}{\376\377\000R\000L\000C\136\166\200\124\165\065\215\357\133\236\232\214\145\160\143\156\116\016\122\006\147\220}{section.5}% 16
\BOOKMARK [3][-]{subsubsection.5.2.1}{\376\377\133\236\232\214\145\160\143\156\116\016\162\171\140\047\146\362\176\277}{subsection.5.2}% 17
\BOOKMARK [3][-]{subsubsection.5.2.2}{\376\377\145\160\143\156\122\006\147\220}{subsection.5.2}% 18
\BOOKMARK [3][-]{subsubsection.5.2.3}{\376\377\133\236\232\214\140\073\176\323}{subsection.5.2}% 19
\BOOKMARK [2][-]{subsection.5.3}{\376\377\000R\000L\000C\116\062\200\124\165\065\215\357\146\202\140\001\217\307\172\013\133\236\232\214\145\160\143\156\116\016\122\006\147\220}{section.5}% 20
\BOOKMARK [3][-]{subsubsection.5.3.1}{\376\377\133\236\232\214\145\160\143\156\116\016\154\342\137\142}{subsection.5.3}% 21
\BOOKMARK [3][-]{subsubsection.5.3.2}{\376\377\145\160\143\156\122\006\147\220}{subsection.5.3}% 22
\BOOKMARK [3][-]{subsubsection.5.3.3}{\376\377\133\236\232\214\140\073\176\323}{subsection.5.3}% 23
\BOOKMARK [1][-]{section.6}{\376\377\176\323\213\272\116\016\137\303\137\227\117\123\117\032}{}% 24
\BOOKMARK [2][-]{subsection.6.1}{\376\377\133\236\232\214\176\323\213\272}{section.6}% 25
\BOOKMARK [2][-]{subsection.6.2}{\376\377\225\356\230\230\213\250\213\272}{section.6}% 26
\BOOKMARK [2][-]{subsection.6.3}{\376\377\137\303\137\227\117\123\117\032}{section.6}% 27
\BOOKMARK [1][-]{section.7}{\376\377\123\237\131\313\126\376\162\107}{}% 28
