\BOOKMARK [1][-]{section.1}{\376\377\133\236\232\214\166\356\166\204}{}% 1
\BOOKMARK [1][-]{section.2}{\376\377\133\236\232\214\116\352\126\150\116\016\165\050\121\167}{}% 2
\BOOKMARK [1][-]{section.3}{\376\377\133\236\232\214\123\237\164\006}{}% 3
\BOOKMARK [2][-]{subsection.3.1}{\376\377\224\301\170\301\147\120\145\231\166\204\170\301\123\026\162\171\140\047}{section.3}% 4
\BOOKMARK [2][-]{subsection.3.2}{\376\377\122\250\140\001\170\301\156\336\126\336\176\277\166\204\155\113\221\317}{section.3}% 5
\BOOKMARK [2][-]{subsection.3.3}{\376\377\000\050\121\306\000\051\227\131\140\001\170\301\123\026\146\362\176\277\124\214\170\301\156\336\126\336\176\277\166\204\155\113\221\317}{section.3}% 6
\BOOKMARK [1][-]{section.4}{\376\377\133\236\232\214\121\205\133\271}{}% 7
\BOOKMARK [2][-]{subsection.4.1}{\376\377\173\054\116\000\220\350\122\006\000\040\165\050\171\072\154\342\126\150\211\302\155\113\122\250\140\001\170\301\156\336\126\336\176\277}{section.4}% 8
\BOOKMARK [3][-]{subsubsection.4.1.1}{\376\377\0001\000.\000\040\211\302\155\113\150\067\124\301\000\040\0001\377\010\224\301\154\047\117\123\377\011\166\204\231\161\124\214\122\250\140\001\170\301\156\336\126\336\176\277}{subsection.4.1}% 9
\BOOKMARK [3][-]{subsubsection.4.1.2}{\376\377\0002\000.\000\040\155\113\221\317\150\067\124\301\000\040\0001\377\010\224\301\154\047\117\123\377\011\166\204\122\250\140\001\170\301\156\336\126\336\176\277\060\002\377\010\155\113\221\317\122\115\227\000\211\201\133\371\150\067\124\301\217\333\210\114\220\000\170\301\060\002\377\011}{subsection.4.1}% 10
\BOOKMARK [3][-]{subsubsection.4.1.3}{\376\377\0003\000.\000\040\211\302\133\337\116\015\124\014\230\221\163\207\116\013\150\067\124\301\000\040\0002\377\010\170\105\224\242\377\011\166\204\122\250\140\001\170\301\156\336\126\336\176\277}{subsection.4.1}% 11
\BOOKMARK [3][-]{subsubsection.4.1.4}{\376\377\000*\0004\000.\000\040\155\113\221\317\150\067\124\301\000\040\0001\377\010\224\301\154\047\117\123\377\011\127\050\116\015\124\014\166\364\155\101\120\117\177\156\170\301\127\072\000\040\000H\000\040\116\013\166\204\123\357\220\006\170\301\133\374\163\207\060\002\377\010\155\113\221\317\122\115\227\000\211\201\121\110\133\371\150\067\124\301\217\333\210\114\220\000\170\301\060\002\377\011}{subsection.4.1}% 12
\BOOKMARK [2][-]{subsection.4.2}{\376\377\173\054\116\214\220\350\122\006\000\040\165\050\227\015\134\024\117\040\141\037\126\150\155\113\221\317\224\301\170\301\147\120\145\231\377\010\121\306\377\011\227\131\140\001\170\301\156\336\126\336\176\277}{section.4}% 13
\BOOKMARK [3][-]{subsubsection.4.2.1}{\376\377\0001\000.\000\040\155\113\221\317\152\041\121\167\224\242\150\067\124\301\166\204\215\167\131\313\170\301\123\026\146\362\176\277}{subsection.4.2}% 14
\BOOKMARK [3][-]{subsubsection.4.2.2}{\376\377\0002\000.\000\040\155\113\221\317\152\041\121\167\224\242\166\204\170\301\156\336\126\336\176\277}{subsection.4.2}% 15
\BOOKMARK [3][-]{subsubsection.4.2.3}{\376\377\0003\000.\000\040\145\160\143\156\131\004\164\006\123\312\176\330\126\376}{subsection.4.2}% 16
\BOOKMARK [1][-]{section.5}{\376\377\133\236\232\214\145\160\143\156\116\016\122\006\147\220}{}% 17
\BOOKMARK [2][-]{subsection.5.1}{\376\377\165\050\171\072\154\342\126\150\211\302\155\113\122\250\140\001\170\301\156\336\126\336\176\277}{section.5}% 18
\BOOKMARK [3][-]{subsubsection.5.1.1}{\376\377\150\067\124\301\000\040\0001\377\010\224\301\154\047\117\123\377\011\166\204\231\161\124\214\122\250\140\001\170\301\156\336\126\336\176\277}{subsection.5.1}% 19
\BOOKMARK [3][-]{subsubsection.5.1.2}{\376\377\155\113\221\317\150\067\124\301\000\040\0001\377\010\224\301\154\047\117\123\377\011\166\204\122\250\140\001\170\301\123\026\146\362\176\277}{subsection.5.1}% 20
\BOOKMARK [3][-]{subsubsection.5.1.3}{\376\377\211\302\133\337\116\015\124\014\230\221\163\207\116\013\150\067\124\301\000\040\0002\377\010\170\105\224\242\377\011\166\204\122\250\140\001\170\301\156\336\126\336\176\277}{subsection.5.1}% 21
\BOOKMARK [3][-]{subsubsection.5.1.4}{\376\377\155\113\221\317\150\067\124\301\000\040\0001\377\010\224\301\154\047\117\123\377\011\127\050\116\015\124\014\166\364\155\101\120\117\177\156\170\301\127\072\116\013\166\204\123\357\220\006\170\301\133\374\163\207}{subsection.5.1}% 22
\BOOKMARK [2][-]{subsection.5.2}{\376\377\165\050\227\015\134\024\117\040\141\037\126\150\155\113\221\317\224\301\170\301\147\120\145\231\377\010\121\306\377\011\227\131\140\001\170\301\156\336\126\336\176\277}{section.5}% 23
\BOOKMARK [3][-]{subsubsection.5.2.1}{\376\377\155\113\221\317\150\067\124\301\166\204\215\167\131\313\170\301\123\026\146\362\176\277}{subsection.5.2}% 24
\BOOKMARK [3][-]{subsubsection.5.2.2}{\376\377\155\113\221\317\152\041\121\167\224\242\166\204\170\301\156\336\126\336\176\277}{subsection.5.2}% 25
\BOOKMARK [3][-]{subsubsection.5.2.3}{\376\377\176\323\147\234\122\006\147\220\116\016\213\250\213\272}{subsection.5.2}% 26
\BOOKMARK [1][-]{section.6}{\376\377\140\035\200\003\230\230\116\016\211\343\173\124}{}% 27
\BOOKMARK [1][-]{section.7}{\376\377\230\204\116\140\142\245\124\112\124\214\133\236\232\214\213\260\137\125\123\237\144\036}{}% 28
