\BOOKMARK [1][-]{section.1}{\376\377\133\236\232\214\166\356\166\204}{}% 1
\BOOKMARK [1][-]{section.2}{\376\377\133\236\232\214\116\352\126\150\116\016\165\050\121\167}{}% 2
\BOOKMARK [1][-]{section.3}{\376\377\133\236\232\214\123\237\164\006}{}% 3
\BOOKMARK [2][-]{subsection.3.1}{\376\377\137\071\174\047\143\057\133\120\166\204\173\200\214\020\217\320\122\250}{section.3}% 4
\BOOKMARK [2][-]{subsection.3.2}{\376\377\173\200\214\020\217\320\122\250\166\204\217\320\122\250\133\146\162\171\137\201\143\317\217\360}{section.3}% 5
\BOOKMARK [2][-]{subsection.3.3}{\376\377\173\200\214\020\143\057\122\250\166\204\147\072\150\260\200\375}{section.3}% 6
\BOOKMARK [2][-]{subsection.3.4}{\376\377\167\254\145\366\220\037\136\246\166\204\155\113\133\232}{section.3}% 7
\BOOKMARK [1][-]{section.4}{\376\377\133\236\232\214\121\205\133\271}{}% 8
\BOOKMARK [1][-]{section.5}{\376\377\133\236\232\214\145\160\143\156\131\004\164\006}{}% 9
\BOOKMARK [2][-]{subsection.5.1}{\376\377\133\236\232\214\116\352\126\150\166\204\214\003\213\325}{section.5}% 10
\BOOKMARK [3][-]{subsubsection.5.1.1}{\376\377\145\160\143\156\122\006\147\220}{subsection.5.1}% 11
\BOOKMARK [2][-]{subsection.5.2}{\376\377\155\113\221\317\137\071\174\047\143\057\133\120\166\204\143\057\136\105\124\150\147\037\136\166\200\003\133\337\143\057\122\250\124\150\147\037\124\214\143\057\136\105\166\204\121\163\174\373}{section.5}% 12
\BOOKMARK [3][-]{subsubsection.5.2.1}{\376\377\145\160\143\156\122\006\147\220}{subsection.5.2}% 13
\BOOKMARK [2][-]{subsection.5.3}{\376\377\170\024\172\166\143\057\122\250\124\150\147\037\124\214\143\057\133\120\215\050\221\317\116\113\225\364\166\204\121\163\174\373}{section.5}% 14
\BOOKMARK [3][-]{subsubsection.5.3.1}{\376\377\145\160\143\156\122\006\147\220}{subsection.5.3}% 15
\BOOKMARK [2][-]{subsection.5.4}{\376\377\170\024\172\166\220\037\136\246\124\214\117\115\171\373\166\204\121\163\174\373}{section.5}% 16
\BOOKMARK [3][-]{subsubsection.5.4.1}{\376\377\145\160\143\156\122\006\147\220}{subsection.5.4}% 17
\BOOKMARK [2][-]{subsection.5.5}{\376\377\145\071\123\330\137\071\174\047\143\057\133\120\166\204\143\057\136\105\000\040\000A\377\014\155\113\166\370\136\224\166\204\000\040\000V\000_\000m\000a\000x\377\014\165\061\000\040\000V\000_\000m\000a\000x\000^\0002\000\040\000-\000\040\000A\000^\0002\000\040\121\163\174\373\137\017\154\102\000\040\000k\377\014\116\016\133\236\232\214\121\205\133\271\000\040\0003\000\040\166\204\176\323\147\234\217\333\210\114\153\324\217\203\060\002}{section.5}% 18
\BOOKMARK [3][-]{subsubsection.5.5.1}{\376\377\145\160\143\156\122\006\147\220}{subsection.5.5}% 19
\BOOKMARK [2][-]{subsection.5.6}{\376\377\155\113\133\232\167\254\145\366\220\037\136\246\377\014\155\113\221\317\116\015\124\014\000\040\000U\000\040\143\041\121\111\162\107\220\032\217\307\121\111\165\065\225\350\142\100\165\050\166\204\145\366\225\364\377\010\000A\000P\000\040\215\335\171\273\116\072\000\040\0005\0000\000c\000m\377\011\377\014\213\241\173\227\136\163\127\107\220\037\136\246\060\002}{section.5}% 20
\BOOKMARK [3][-]{subsubsection.5.6.1}{\376\377\145\160\143\156\122\006\147\220}{subsection.5.6}% 21
\BOOKMARK [2][-]{subsection.5.7}{\376\377\155\113\133\232\167\254\145\366\220\037\136\246\377\014\145\071\123\330\133\374\217\150\120\076\145\234\211\322\136\246\377\014\155\113\221\317\116\015\124\014\000\040\000U\000\040\143\041\121\111\162\107\220\032\217\307\121\111\165\065\225\350\142\100\165\050\166\204\145\366\225\364\377\010\000A\000P\000\040\215\335\171\273\116\072\000\040\0005\0000\000c\000m\377\011\377\014\213\241\173\227\136\163\127\107\220\037\136\246\060\002}{section.5}% 22
\BOOKMARK [3][-]{subsubsection.5.7.1}{\376\377\145\160\143\156\122\006\147\220}{subsection.5.7}% 23
\BOOKMARK [2][-]{subsection.5.8}{\376\377\155\113\133\232\167\254\145\366\220\037\136\246\377\014\145\071\123\330\000\040\000A\000P\000\040\215\335\171\273\116\072\000\040\0006\0000\000c\000m\377\014\155\113\221\317\116\015\124\014\000\040\000U\000\040\143\041\121\111\162\107\220\032\217\307\121\111\165\065\225\350\142\100\165\050\166\204\145\366\225\364\377\014\213\241\173\227\136\163\127\107\220\037\136\246\060\002}{section.5}% 24
\BOOKMARK [3][-]{subsubsection.5.8.1}{\376\377\145\160\143\156\122\006\147\220}{subsection.5.8}% 25
\BOOKMARK [2][-]{subsection.5.9}{\376\377\133\236\232\214\140\073\176\323}{section.5}% 26
\BOOKMARK [1][-]{section.6}{\376\377\140\035\200\003\230\230}{}% 27
\BOOKMARK [1][-]{section.7}{\376\377\230\204\116\140\142\245\124\112\124\214\123\237\131\313\213\260\137\125\210\150}{}% 28
