\BOOKMARK [1][-]{section.1}{\376\377\0001\000\040\133\236\232\214\166\356\166\204}{}% 1
\BOOKMARK [2][-]{subsection.1.1}{\376\377\0001\000.\0001\000\040\227\015\134\024\145\110\136\224\155\113\221\317\170\301\141\037\136\224\137\072\136\246}{section.1}% 2
\BOOKMARK [2][-]{subsection.1.2}{\376\377\0001\000.\0002\000\040\116\245\131\306\227\015\121\171\176\277\127\010\170\301\127\072\155\113\221\317}{section.1}% 3
\BOOKMARK [1][-]{section.2}{\376\377\0002\000\040\133\236\232\214\116\352\126\150\165\050\121\167}{}% 4
\BOOKMARK [2][-]{subsection.2.1}{\376\377\0002\000.\0001\000\040\227\015\134\024\145\110\136\224\155\113\221\317\170\301\141\037\136\224\137\072\136\246\116\352\126\150\173\200\116\313}{section.2}% 5
\BOOKMARK [3][-]{subsubsection.2.1.1}{\376\377\0002\000.\0001\000.\0001\000\040\000D\000H\0004\0005\0001\0002\000D\000\040\227\015\134\024\145\110\136\224\155\113\213\325\147\266}{subsection.2.1}% 6
\BOOKMARK [3][-]{subsubsection.2.1.2}{\376\377\0002\000.\0001\000.\0002\000\040\000D\000H\0004\0005\0001\0002\000D\000\040\227\015\134\024\145\110\136\224\155\113\213\325\116\352}{subsection.2.1}% 7
\BOOKMARK [3][-]{subsubsection.2.1.3}{\376\377\0002\000.\0001\000.\0003\000\040\117\177\165\050\213\364\146\016}{subsection.2.1}% 8
\BOOKMARK [3][-]{subsubsection.2.1.4}{\376\377\0002\000.\0001\000.\0004\000\040\116\352\126\150\116\073\211\201\142\200\147\057\140\047\200\375}{subsection.2.1}% 9
\BOOKMARK [2][-]{subsection.2.2}{\376\377\0002\000.\0002\000\040\116\245\131\306\227\015\121\171\176\277\127\010\133\236\232\214\116\352\126\150\116\016\165\050\121\167}{section.2}% 10
\BOOKMARK [3][-]{subsubsection.2.2.1}{\376\377\0002\000.\0002\000.\0001\000\040\116\245\131\306\227\015\121\171\176\277\127\010\147\266}{subsection.2.2}% 11
\BOOKMARK [3][-]{subsubsection.2.2.2}{\376\377\0002\000.\0002\000.\0002\000\040\000D\000H\0004\0005\0000\0001\000\040\116\245\131\306\227\015\121\171\176\277\127\010\170\301\141\037\136\224\137\072\136\246\155\113\221\317\116\352}{subsection.2.2}% 12
\BOOKMARK [3][-]{subsubsection.2.2.3}{\376\377\0002\000.\0002\000.\0003\000\040\116\073\211\201\142\200\147\057\143\007\150\007}{subsection.2.2}% 13
\BOOKMARK [1][-]{section.3}{\376\377\0003\000\040\133\236\232\214\123\237\164\006}{}% 14
\BOOKMARK [2][-]{subsection.3.1}{\376\377\0003\000.\0001\000\040\227\015\134\024\145\110\136\224\133\236\232\214\123\237\164\006\123\312\122\157\145\110\136\224\166\204\155\210\226\144}{section.3}% 15
\BOOKMARK [3][-]{subsubsection.3.1.1}{\376\377\0003\000.\0001\000.\0001\000\040\227\015\134\024\145\110\136\224\123\237\164\006}{subsection.3.1}% 16
\BOOKMARK [3][-]{subsubsection.3.1.2}{\376\377\0003\000.\0001\000.\0002\000\040\122\157\145\110\136\224\123\312\121\166\155\210\226\144\145\271\154\325}{subsection.3.1}% 17
\BOOKMARK [2][-]{subsection.3.2}{\376\377\0003\000.\0002\000\040\116\245\131\306\227\015\121\171\176\277\127\010\133\236\232\214\123\237\164\006}{section.3}% 18
\BOOKMARK [3][-]{subsubsection.3.2.1}{\376\377\0003\000.\0002\000.\0001\000\040\217\175\155\101\127\006\176\277\127\010\166\204\170\301\141\037\136\224\137\072\136\246}{subsection.3.2}% 19
\BOOKMARK [3][-]{subsubsection.3.2.2}{\376\377\0003\000.\0002\000.\0002\000\040\116\245\131\306\227\015\121\171\176\277\127\010\166\204\170\301\141\037\136\224\137\072\136\246}{subsection.3.2}% 20
\BOOKMARK [3][-]{subsubsection.3.2.3}{\376\377\0003\000.\0002\000.\0003\000\040\165\065\170\301\141\037\136\224\155\113\221\317\123\237\164\006}{subsection.3.2}% 21
\BOOKMARK [3][-]{subsubsection.3.2.4}{\376\377\0003\000.\0002\000.\0004\000\040\143\242\155\113\176\277\127\010\166\204\213\276\213\241}{subsection.3.2}% 22
\BOOKMARK [1][-]{section.4}{\376\377\0004\000\040\133\236\232\214\121\205\133\271}{}% 23
\BOOKMARK [2][-]{subsection.4.1}{\376\377\0004\000.\0001\000\040\154\350\141\017\116\213\230\171}{section.4}% 24
\BOOKMARK [2][-]{subsection.4.2}{\376\377\0004\000.\0002\000\040\122\051\165\050\227\015\134\024\145\110\136\224\133\236\232\214\116\352\155\113\221\317\170\301\141\037\136\224\137\072\136\246}{section.4}% 25
\BOOKMARK [2][-]{subsection.4.3}{\376\377\0004\000.\0003\000\040\116\245\131\306\227\015\121\171\176\277\127\010\166\204\170\301\141\037\136\224\137\072\136\246\155\113\221\317}{section.4}% 26
\BOOKMARK [1][-]{section.5}{\376\377\0005\000\040\145\160\143\156\131\004\164\006\116\016\122\006\147\220}{}% 27
\BOOKMARK [2][-]{subsection.5.1}{\376\377\0005\000.\0001\000\040\122\051\165\050\227\015\134\024\145\110\136\224\133\236\232\214\116\352\155\113\221\317\170\301\141\037\136\224\137\072\136\246}{section.5}% 28
\BOOKMARK [3][-]{subsubsection.5.1.1}{\376\377\0005\000.\0001\000.\0001\000\040\155\113\221\317\000V\000_\000H\116\016\000I\000_\000S\166\204\121\163\174\373}{subsection.5.1}% 29
\BOOKMARK [3][-]{subsubsection.5.1.2}{\376\377\0005\000.\0001\000.\0002\000\040\155\113\221\317\000V\000_\000H\116\016\000I\000_\000M\166\204\121\163\174\373\000,\155\113\221\317\000B\116\016\000I\000_\000M\166\204\121\163\174\373}{subsection.5.1}% 30
\BOOKMARK [3][-]{subsubsection.5.1.3}{\376\377\0005\000.\0001\000.\0003\000\040\155\113\221\317\154\064\136\163\145\271\124\021\165\065\170\301\224\301\170\301\127\072\122\006\136\003}{subsection.5.1}% 31
\BOOKMARK [3][-]{subsubsection.5.1.4}{\376\377\0005\000.\0001\000.\0004\000\040\155\113\221\317\116\244\155\101\227\015\134\024\165\065\155\101\155\113\221\317\170\301\127\072}{subsection.5.1}% 32
\BOOKMARK [2][-]{subsection.5.2}{\376\377\0005\000.\0002\000\040\116\245\131\306\227\015\121\171\176\277\127\010\133\236\232\214}{section.5}% 33
\BOOKMARK [2][-]{subsection.5.3}{\376\377\0005\000.\0003\000\040\155\113\221\317\116\245\131\306\227\015\121\171\176\277\127\010\217\164\176\277\116\012\170\301\141\037\136\224\137\072\136\246\166\204\122\006\136\003}{section.5}% 34
\BOOKMARK [2][-]{subsection.5.4}{\376\377\0005\000.\0004\000\040\155\113\221\317\116\245\131\306\227\015\121\171\176\277\127\010\137\204\124\021\116\012\170\301\141\037\136\224\137\072\136\246\166\204\122\006\136\003}{section.5}% 35
\BOOKMARK [3][-]{subsubsection.5.4.1}{\376\377\0005\000.\0004\000.\0001\000\040\143\242\155\113\176\277\127\010\217\154\211\322\116\016\141\037\136\224\165\065\123\213}{subsection.5.4}% 36
\BOOKMARK [3][-]{subsubsection.5.4.2}{\376\377\0005\000.\0004\000.\0002\000\040\122\261\170\301\165\065\155\101\230\221\163\207\131\047\134\017\133\371\170\301\141\037\136\224\137\072\136\246\166\204\137\161\124\315}{subsection.5.4}% 37
\BOOKMARK [1][-]{section.6}{\376\377\0006\000\040\140\035\200\003\230\230\126\336\173\124}{}% 38
\BOOKMARK [2][-]{subsection.6.1}{\376\377\0006\000.\0001\000\040\142\113\147\072\200\375\116\015\200\375\145\071\123\330\127\060\164\003\170\301\127\072\377\037\140\016\116\110\145\071\123\330\166\204\377\037}{section.6}% 39
\BOOKMARK [2][-]{subsection.6.2}{\376\377\0006\000.\0002\000\040\127\060\164\003\170\301\227\230\147\011\116\300\116\110\165\050\377\037\154\241\147\011\117\032\123\321\165\037\116\300\116\110\377\037}{section.6}% 40
\BOOKMARK [2][-]{subsection.6.3}{\376\377\0006\000.\0003\000\040\116\316\116\272\174\173\131\047\201\021\122\060\165\065\170\301\224\301\000\040\0001\0000\000^\000-\0005\000\040\0001\0000\000^\0001\000T\000\040\133\371\116\272\174\173\147\011\116\300\116\110\137\161\124\315}{section.6}% 41
\BOOKMARK [1][-]{section.7}{\376\377\0007\000\040\133\236\232\214\213\250\213\272}{}% 42
\BOOKMARK [2][-]{subsection.7.1}{\376\377\0007\000.\0001\000\040\133\236\232\214\116\055\133\130\127\050\166\204\225\356\230\230}{section.7}% 43
\BOOKMARK [2][-]{subsection.7.2}{\376\377\0007\000.\0002\000\040\217\333\116\000\153\145\166\204\140\363\154\325}{section.7}% 44
\BOOKMARK [1][-]{section.8}{\376\377\0008\000\040\123\237\131\313\133\236\232\214\145\160\143\156\213\260\137\125\210\150\150\074}{}% 45
