\BOOKMARK [1][-]{section.1}{\376\377\133\236\232\214\166\356\166\204}{}% 1
\BOOKMARK [1][-]{section.2}{\376\377\133\236\232\214\126\150\147\120\156\005\123\125}{}% 2
\BOOKMARK [1][-]{section.3}{\376\377\133\236\232\214\123\237\164\006}{}% 3
\BOOKMARK [2][-]{subsection.3.1}{\376\377\232\154\215\153\000-\146\376\137\267\134\024\377\010\000M\000-\000Z\377\011\136\162\155\211\116\352\166\204\135\345\117\134\123\237\164\006}{section.3}% 4
\BOOKMARK [3][-]{subsubsection.3.1.1}{\376\377\165\065\127\072\116\016\121\111\137\072\166\204\164\006\213\272\143\250\133\374}{subsection.3.1}% 5
\BOOKMARK [3][-]{subsubsection.3.1.2}{\376\377\121\170\127\213\121\111\215\357\176\323\147\204}{subsection.3.1}% 6
\BOOKMARK [2][-]{subsection.3.2}{\376\377\232\154\124\025\145\257\133\232\137\213\116\016\120\117\143\057\121\111\166\204\215\167\120\117\040\023\150\300\120\117\123\237\164\006}{section.3}% 7
\BOOKMARK [3][-]{subsubsection.3.2.1}{\376\377\120\117\143\057\162\107\166\204\176\323\147\204\116\016\120\117\143\057\126\150\166\204\122\006\174\173}{subsection.3.2}% 8
\BOOKMARK [3][-]{subsubsection.3.2.2}{\376\377\232\154\124\025\145\257\133\232\137\213\166\204\164\006\213\272\143\250\133\374}{subsection.3.2}% 9
\BOOKMARK [3][-]{subsubsection.3.2.3}{\376\377\147\201\172\357\140\305\121\265\116\016\136\224\165\050}{subsection.3.2}% 10
\BOOKMARK [2][-]{subsection.3.3}{\376\377\121\111\176\244\200\046\124\010\123\237\164\006\060\001\122\006\174\173\116\016\145\160\120\074\133\124\137\204}{section.3}% 11
\BOOKMARK [3][-]{subsubsection.3.3.1}{\376\377\121\111\176\244\166\204\176\323\147\204\116\016\133\374\121\111\147\072\122\066}{subsection.3.3}% 12
\BOOKMARK [3][-]{subsubsection.3.3.2}{\376\377\121\111\176\244\166\204\122\006\174\173\117\123\174\373}{subsection.3.3}% 13
\BOOKMARK [3][-]{subsubsection.3.3.3}{\376\377\145\160\120\074\133\124\137\204\377\010\000N\000A\377\011\166\204\133\232\116\111\116\016\136\224\165\050}{subsection.3.3}% 14
\BOOKMARK [3][-]{subsubsection.3.3.4}{\376\377\121\111\176\244\200\046\124\010\142\200\147\057\377\032\145\271\137\017\060\001\145\110\163\207\116\016\117\030\123\026}{subsection.3.3}% 15
\BOOKMARK [2][-]{subsection.3.4}{\376\377\157\300\121\111\217\223\121\372\211\302\133\337\116\016\127\372\147\054\121\111\215\357\166\204\174\276\133\306\144\055\136\372}{section.3}% 16
\BOOKMARK [3][-]{subsubsection.3.4.1}{\376\377\121\111\215\357\166\204\211\304\122\022\116\016\126\150\116\366\136\003\134\100\123\237\122\031}{subsection.3.4}% 17
\BOOKMARK [3][-]{subsubsection.3.4.2}{\376\377\121\111\215\357\232\330\136\246\166\204\150\007\133\232\145\271\154\325}{subsection.3.4}% 18
\BOOKMARK [3][-]{subsubsection.3.4.3}{\376\377\157\300\121\111\126\150\166\204\126\372\133\232\116\016\121\111\225\370\166\204\122\237\200\375\221\115\177\156}{subsection.3.4}% 19
\BOOKMARK [3][-]{subsubsection.3.4.4}{\376\377\121\306\166\364\121\111\215\357\166\204\174\276\133\306\214\003\202\202\116\016\116\023\116\032\123\237\164\006}{subsection.3.4}% 20
\BOOKMARK [2][-]{subsection.3.5}{\376\377\232\154\215\153\040\023\146\376\137\267\134\024\377\010\000M\040\023\000Z\377\011\136\162\155\211\116\352\166\204\144\055\136\372\116\016\136\162\155\211\147\141\176\271\174\276\133\306\211\302\155\113}{section.3}% 21
\BOOKMARK [3][-]{subsubsection.3.5.1}{\376\377\142\151\147\137\174\373\176\337\166\204\123\237\164\006\116\016\174\276\133\306\144\055\136\372}{subsection.3.5}% 22
\BOOKMARK [3][-]{subsubsection.3.5.2}{\376\377\122\006\147\137\116\016\121\111\215\357\166\204\172\172\225\364\211\304\122\022}{subsection.3.5}% 23
\BOOKMARK [3][-]{subsubsection.3.5.3}{\376\377\124\010\147\137\174\373\176\337\166\204\214\003\202\202\116\016\121\111\172\013\123\071\221\115}{subsection.3.5}% 24
\BOOKMARK [3][-]{subsubsection.3.5.4}{\376\377\136\162\155\211\147\141\176\271\166\204\211\302\155\113\116\016\164\006\213\272\122\006\147\220}{subsection.3.5}% 25
\BOOKMARK [3][-]{subsubsection.3.5.5}{\376\377\133\236\232\214\176\323\147\234\142\315\144\104}{subsection.3.5}% 26
\BOOKMARK [2][-]{subsection.3.6}{\376\377\157\300\121\111\120\117\143\057\140\001\166\204\174\276\133\306\150\300\232\214\116\016\232\154\124\025\145\257\133\232\137\213\166\204\133\236\232\214\232\214\213\301}{section.3}% 27
\BOOKMARK [3][-]{subsubsection.3.6.1}{\376\377\133\236\232\214\123\237\164\006\116\016\210\305\177\156\147\266\147\204}{subsection.3.6}% 28
\BOOKMARK [3][-]{subsubsection.3.6.2}{\376\377\133\236\232\214\144\315\117\134\166\204\174\276\133\306\155\101\172\013}{subsection.3.6}% 29
\BOOKMARK [3][-]{subsubsection.3.6.3}{\376\377\145\160\143\156\131\004\164\006\116\016\162\151\164\006\141\017\116\111\122\006\147\220}{subsection.3.6}% 30
\BOOKMARK [2][-]{subsection.3.7}{\376\377\121\111\176\244\200\046\124\010\145\110\163\207\166\204\155\113\221\317\116\016\145\160\120\074\133\124\137\204\166\204\155\113\221\317}{section.3}% 31
\BOOKMARK [3][-]{subsubsection.3.7.1}{\376\377\121\111\176\244\200\046\124\010\145\110\163\207\166\204\174\276\133\306\155\113\221\317}{subsection.3.7}% 32
\BOOKMARK [3][-]{subsubsection.3.7.2}{\376\377\121\111\176\244\145\160\120\074\133\124\137\204\377\010\000N\000A\377\011\166\204\217\334\127\072\154\325\155\113\221\317}{subsection.3.7}% 33
\BOOKMARK [1][-]{section.4}{\376\377\133\236\232\214\145\160\143\156}{}% 34
\BOOKMARK [2][-]{subsection.4.1}{\376\377\145\160\143\156\122\006\147\220\116\016\213\357\135\356\213\250\213\272}{section.4}% 35
\BOOKMARK [1][-]{section.5}{\376\377\230\204\116\140\142\245\124\112}{}% 36
