\BOOKMARK [1][-]{section.1}{\376\377\133\236\232\214\166\356\166\204}{}% 1
\BOOKMARK [1][-]{section.2}{\376\377\133\236\232\214\116\352\126\150}{}% 2
\BOOKMARK [1][-]{section.3}{\376\377\133\236\232\214\123\237\164\006}{}% 3
\BOOKMARK [2][-]{subsection.3.1}{\376\377\116\011\150\361\225\134\147\000\134\017\120\117\124\021\211\322}{section.3}% 4
\BOOKMARK [3][-]{subsubsection.3.1.1}{\376\377\120\117\142\230\211\322\166\204\143\250\133\374}{subsection.3.1}% 5
\BOOKMARK [3][-]{subsubsection.3.1.2}{\376\377\147\000\134\017\120\117\124\021\211\322\166\204\147\141\116\366\116\016\121\154\137\017}{subsection.3.1}% 6
\BOOKMARK [3][-]{subsubsection.3.1.3}{\376\377\136\224\165\050\377\032\155\113\221\317\147\120\145\231\142\230\134\004\163\207}{subsection.3.1}% 7
\BOOKMARK [2][-]{subsection.3.2}{\376\377\121\111\150\005\123\237\164\006}{section.3}% 8
\BOOKMARK [3][-]{subsubsection.3.2.1}{\376\377\131\053\164\005\171\276\215\071\210\115\134\004\116\016\121\111\150\005\145\271\172\013}{subsection.3.2}% 9
\BOOKMARK [3][-]{subsubsection.3.2.2}{\376\377\210\115\134\004\214\061\176\277\166\204\137\142\142\020}{subsection.3.2}% 10
\BOOKMARK [3][-]{subsubsection.3.2.3}{\376\377\121\111\150\005\210\115\134\004\121\111\214\061\116\016\136\224\165\050}{subsection.3.2}% 11
\BOOKMARK [2][-]{subsection.3.3}{\376\377\121\111\150\005\121\111\214\061\116\352}{section.3}% 12
\BOOKMARK [3][-]{subsubsection.3.3.1}{\376\377\000C\000z\000e\000r\000n\000y\000-\000T\000u\000r\000n\000e\000r\127\213\377\010\000C\000-\000T\127\213\377\011\121\111\150\005\121\111\214\061\116\352\166\204\121\111\215\357\123\237\164\006}{subsection.3.3}% 13
\BOOKMARK [1][-]{section.4}{\376\377\133\236\232\214\144\315\117\134}{}% 14
\BOOKMARK [2][-]{subsection.4.1}{\376\377\122\006\121\111\213\241\145\164\117\123\150\041\121\306\116\016\133\236\232\214\121\163\225\056\225\356\230\230\211\343\147\220}{section.4}% 15
\BOOKMARK [3][-]{subsubsection.4.1.1}{\376\377\150\041\121\306\150\070\137\303\123\237\164\006\116\016\133\236\232\214\141\017\116\111}{subsection.4.1}% 16
\BOOKMARK [3][-]{subsubsection.4.1.2}{\376\377\122\006\153\145\150\041\121\306\144\315\117\134\116\016\133\236\232\214\225\356\230\230\155\361\136\246\211\343\147\220}{subsection.4.1}% 17
\BOOKMARK [3][-]{subsubsection.4.1.3}{\376\377\150\041\121\306\133\214\142\020\166\204\122\044\133\232\150\007\121\306}{subsection.4.1}% 18
\BOOKMARK [2][-]{subsection.4.2}{\376\377\155\113\221\317\116\011\150\361\225\134\166\204\127\372\147\054\123\302\145\160}{section.4}% 19
\BOOKMARK [3][-]{subsubsection.4.2.1}{\376\377\145\076\177\156\116\011\150\361\225\134}{subsection.4.2}% 20
\BOOKMARK [3][-]{subsubsection.4.2.2}{\376\377\214\003\202\202\150\361\225\134\116\073\142\052\227\142\116\016\116\352\126\150\217\154\217\164\127\202\166\364}{subsection.4.2}% 21
\BOOKMARK [3][-]{subsubsection.4.2.3}{\376\377\155\113\221\317\230\166\211\322\000A\377\010\116\044\171\315\232\330\174\276\136\246\145\271\154\325\377\011}{subsection.4.2}% 22
\BOOKMARK [3][-]{subsubsection.4.2.4}{\376\377\155\113\221\317\147\000\134\017\120\117\124\021\211\322\000_\000m}{subsection.4.2}% 23
\BOOKMARK [3][-]{subsubsection.4.2.5}{\376\377\213\241\173\227\142\230\134\004\163\207\000n}{subsection.4.2}% 24
\BOOKMARK [2][-]{subsection.4.3}{\376\377\155\113\221\317\121\111\150\005\127\372\147\054\123\302\145\160}{section.4}% 25
\BOOKMARK [3][-]{subsubsection.4.3.1}{\376\377\121\111\150\005\166\204\214\003\202\202}{subsection.4.3}% 26
\BOOKMARK [3][-]{subsubsection.4.3.2}{\376\377\210\115\134\004\211\322\116\016\121\111\150\005\123\302\145\160\166\204\155\113\221\317}{subsection.4.3}% 27
\BOOKMARK [2][-]{subsection.4.4}{\376\377\145\160\133\127\121\111\214\061\116\352\166\204\121\111\214\061\155\113\221\317\133\236\232\214}{section.4}% 28
\BOOKMARK [3][-]{subsubsection.4.4.1}{\376\377\133\236\232\214\123\237\164\006}{subsection.4.4}% 29
\BOOKMARK [3][-]{subsubsection.4.4.2}{\376\377\133\236\232\214\213\276\131\007}{subsection.4.4}% 30
\BOOKMARK [3][-]{subsubsection.4.4.3}{\376\377\144\315\117\134\153\145\232\244}{subsection.4.4}% 31
\BOOKMARK [3][-]{subsubsection.4.4.4}{\376\377\133\236\232\214\163\260\214\141\116\016\122\006\147\220}{subsection.4.4}% 32
\BOOKMARK [3][-]{subsubsection.4.4.5}{\376\377\154\350\141\017\116\213\230\171}{subsection.4.4}% 33
\BOOKMARK [1][-]{section.5}{\376\377\133\236\232\214\145\160\143\156}{}% 34
\BOOKMARK [2][-]{subsection.5.1}{\376\377\155\113\221\317\116\011\150\361\225\134\166\204\127\372\147\054\123\302\145\160}{section.5}% 35
\BOOKMARK [3][-]{subsubsection.5.1.1}{\376\377\116\011\150\361\225\134\230\166\211\322}{subsection.5.1}% 36
\BOOKMARK [3][-]{subsubsection.5.1.2}{\376\377\116\011\150\361\225\134\147\000\134\017\120\117\124\021\211\322}{subsection.5.1}% 37
\BOOKMARK [3][-]{subsubsection.5.1.3}{\376\377\116\011\150\361\225\134\142\230\134\004\163\207\213\241\173\227}{subsection.5.1}% 38
\BOOKMARK [1][-]{section.6}{\376\377\121\111\150\005\133\236\232\214}{}% 39
\BOOKMARK [2][-]{subsection.6.1}{\376\377\121\111\150\005\136\070\145\160\155\113\221\317}{section.6}% 40
\BOOKMARK [3][-]{subsubsection.6.1.1}{\376\377\155\113\221\317\145\160\143\156}{subsection.6.1}% 41
\BOOKMARK [3][-]{subsubsection.6.1.2}{\376\377\213\241\173\227\217\307\172\013}{subsection.6.1}% 42
\BOOKMARK [2][-]{subsection.6.2}{\376\377\154\136\160\157\236\304\176\277\0001\154\342\225\177\155\113\221\317}{section.6}% 43
\BOOKMARK [3][-]{subsubsection.6.2.1}{\376\377\155\113\221\317\145\160\143\156}{subsection.6.2}% 44
\BOOKMARK [3][-]{subsubsection.6.2.2}{\376\377\213\241\173\227\217\307\172\013}{subsection.6.2}% 45
\BOOKMARK [2][-]{subsection.6.3}{\376\377\154\136\160\157\236\304\176\277\0002\154\342\225\177\155\113\221\317}{section.6}% 46
\BOOKMARK [3][-]{subsubsection.6.3.1}{\376\377\155\113\221\317\145\160\143\156}{subsection.6.3}% 47
\BOOKMARK [3][-]{subsubsection.6.3.2}{\376\377\213\241\173\227\217\307\172\013}{subsection.6.3}% 48
\BOOKMARK [1][-]{section.7}{\376\377\145\160\133\127\121\111\214\061\116\352\133\236\232\214}{}% 49
\BOOKMARK [1][-]{section.8}{\376\377\213\250\213\272\122\006\147\220}{}% 50
\BOOKMARK [2][-]{subsection.8.1}{\376\377\133\236\232\214\213\357\135\356\147\145\156\220\122\006\147\220}{section.8}% 51
\BOOKMARK [3][-]{subsubsection.8.1.1}{\376\377\174\373\176\337\213\357\135\356}{subsection.8.1}% 52
\BOOKMARK [3][-]{subsubsection.8.1.2}{\376\377\226\217\147\072\213\357\135\356}{subsection.8.1}% 53
\BOOKMARK [2][-]{subsection.8.2}{\376\377\133\236\232\214\176\323\147\234\122\006\147\220\116\016\232\214\213\301}{section.8}% 54
\BOOKMARK [3][-]{subsubsection.8.2.1}{\376\377\116\011\150\361\225\134\123\302\145\160\155\113\221\317\176\323\147\234\122\006\147\220}{subsection.8.2}% 55
\BOOKMARK [3][-]{subsubsection.8.2.2}{\376\377\121\111\150\005\133\236\232\214\176\323\147\234\122\006\147\220}{subsection.8.2}% 56
\BOOKMARK [2][-]{subsection.8.3}{\376\377\133\236\232\214\116\055\220\107\122\060\166\204\225\356\230\230\116\016\211\343\121\263\145\271\150\110}{section.8}% 57
\BOOKMARK [3][-]{subsubsection.8.3.1}{\376\377\122\006\121\111\213\241\150\041\121\306\226\066\153\265}{subsection.8.3}% 58
\BOOKMARK [3][-]{subsubsection.8.3.2}{\376\377\116\011\150\361\225\134\116\016\121\111\150\005\155\113\221\317\226\066\153\265}{subsection.8.3}% 59
\BOOKMARK [3][-]{subsubsection.8.3.3}{\376\377\145\160\133\127\121\111\214\061\116\352\155\113\221\317\226\066\153\265}{subsection.8.3}% 60
\BOOKMARK [2][-]{subsection.8.4}{\376\377\133\236\232\214\145\271\154\325\166\204\145\071\217\333\116\016\117\030\123\026\136\372\213\256}{section.8}% 61
\BOOKMARK [3][-]{subsubsection.8.4.1}{\376\377\143\320\232\330\155\113\221\317\174\276\136\246\166\204\145\271\154\325}{subsection.8.4}% 62
\BOOKMARK [3][-]{subsubsection.8.4.2}{\376\377\133\236\232\214\155\101\172\013\166\204\117\030\123\026}{subsection.8.4}% 63
\BOOKMARK [3][-]{subsubsection.8.4.3}{\376\377\133\236\232\214\121\205\133\271\166\204\142\151\134\125}{subsection.8.4}% 64
\BOOKMARK [2][-]{subsection.8.5}{\376\377\133\236\232\214\140\073\176\323\116\016\145\066\203\267}{section.8}% 65
\BOOKMARK [3][-]{subsubsection.8.5.1}{\376\377\133\236\232\214\142\200\200\375\166\204\143\320\123\107}{subsection.8.5}% 66
\BOOKMARK [3][-]{subsubsection.8.5.2}{\376\377\162\151\164\006\167\345\213\306\166\204\155\361\123\026\164\006\211\343}{subsection.8.5}% 67
\BOOKMARK [3][-]{subsubsection.8.5.3}{\376\377\133\236\232\214\116\055\166\204\116\015\215\263\116\016\123\315\140\035}{subsection.8.5}% 68
\BOOKMARK [2][-]{subsection.8.6}{\376\377\176\323\213\272}{section.8}% 69
\BOOKMARK [1][-]{section.9}{\376\377\133\236\232\214\213\260\137\125\210\150\124\214\230\204\116\140\142\245\124\112}{}% 70
