\BOOKMARK [0][-]{part.1}{\376\377\000I\000\040\137\046\116\012\232\173\154\342\133\236\232\214}{}% 1
\BOOKMARK [1][-]{section.1}{\376\377\133\236\232\214\166\356\166\204}{part.1}% 2
\BOOKMARK [1][-]{section.2}{\376\377\133\236\232\214\123\237\164\006}{part.1}% 3
\BOOKMARK [2][-]{subsection.2.1}{\376\377\232\173\154\342\166\204\164\006\213\272\127\372\170\100}{section.2}% 4
\BOOKMARK [2][-]{subsection.2.2}{\376\377\137\046\116\012\232\173\154\342\123\312\121\166\162\171\140\047}{section.2}% 5
\BOOKMARK [3][-]{subsubsection.2.2.1}{\376\377\121\145\134\004\154\342\060\001\123\315\134\004\154\342\116\016\123\112\154\342\143\137\131\061}{subsection.2.2}% 6
\BOOKMARK [3][-]{subsubsection.2.2.2}{\376\377\137\046\116\012\232\173\154\342\116\016\121\161\143\057\230\221\163\207}{subsection.2.2}% 7
\BOOKMARK [3][-]{subsubsection.2.2.3}{\376\377\122\115\217\333\154\342\116\016\123\315\134\004\154\342}{subsection.2.2}% 8
\BOOKMARK [3][-]{subsubsection.2.2.4}{\376\377\137\046\116\012\232\173\154\342\116\016\121\161\143\057}{subsection.2.2}% 9
\BOOKMARK [1][-]{section.3}{\376\377\133\236\232\214\116\352\126\150\116\016\165\050\121\167}{part.1}% 10
\BOOKMARK [1][-]{section.4}{\376\377\133\236\232\214\121\205\133\271}{part.1}% 11
\BOOKMARK [2][-]{subsection.4.1}{\376\377\116\073\211\201\121\205\133\271}{section.4}% 12
\BOOKMARK [2][-]{subsection.4.2}{\376\377\133\236\232\214\155\101\172\013}{section.4}% 13
\BOOKMARK [2][-]{subsection.4.3}{\376\377\145\160\143\156\131\004\164\006}{section.4}% 14
\BOOKMARK [2][-]{subsection.4.4}{\376\377\154\350\141\017\116\213\230\171}{section.4}% 15
\BOOKMARK [1][-]{section.5}{\376\377\133\236\232\214\145\160\143\156}{part.1}% 16
\BOOKMARK [2][-]{subsection.5.1}{\376\377\176\277\133\306\136\246\155\113\213\325}{section.5}% 17
\BOOKMARK [2][-]{subsection.5.2}{\376\377\137\040\122\233\117\060\173\227}{section.5}% 18
\BOOKMARK [2][-]{subsection.5.3}{\376\377\154\342\220\037\166\204\155\113\221\317}{section.5}% 19
\BOOKMARK [2][-]{subsection.5.4}{\376\377\230\221\163\207\124\214\147\011\145\110\225\177\136\246\166\204\121\163\174\373}{section.5}% 20
\BOOKMARK [2][-]{subsection.5.5}{\376\377\230\221\163\207\124\214\137\040\122\233\166\204\121\163\174\373}{section.5}% 21
\BOOKMARK [1][-]{section.6}{\376\377\140\035\200\003\230\230}{part.1}% 22
\BOOKMARK [2][-]{subsection.6.1}{\376\377\230\221\163\207\124\214\176\277\133\306\136\246\166\204\121\163\174\373}{section.6}% 23
\BOOKMARK [3][-]{subsubsection.6.1.1}{\376\377\133\236\232\214\145\160\143\156\213\260\137\125}{subsection.6.1}% 24
\BOOKMARK [3][-]{subsubsection.6.1.2}{\376\377\164\006\213\272\152\041\127\213\116\016\142\337\124\010\122\006\147\220}{subsection.6.1}% 25
\BOOKMARK [0][-]{part.2}{\376\377\000I\000I\000\040\155\113\133\232\116\313\215\050\116\055\166\204\130\360\220\037}{}% 26
\BOOKMARK [1][-]{section.7}{\376\377\133\236\232\214\166\356\166\204}{part.2}% 27
\BOOKMARK [1][-]{section.8}{\376\377\133\236\232\214\116\352\126\150\116\016\165\050\121\167}{part.2}% 28
\BOOKMARK [1][-]{section.9}{\376\377\133\236\232\214\123\237\164\006}{part.2}% 29
\BOOKMARK [2][-]{subsection.9.1}{\376\377\122\051\165\050\232\173\154\342\154\325\155\113\130\360\220\037}{section.9}% 30
\BOOKMARK [2][-]{subsection.9.2}{\376\377\122\051\165\050\166\370\117\115\154\325\155\113\130\360\220\037}{section.9}% 31
\BOOKMARK [2][-]{subsection.9.3}{\376\377\130\360\220\037\166\204\164\006\213\272\120\074}{section.9}% 32
\BOOKMARK [1][-]{section.10}{\376\377\133\236\232\214\121\205\133\271}{part.2}% 33
\BOOKMARK [1][-]{section.11}{\376\377\133\236\232\214\145\160\143\156}{part.2}% 34
\BOOKMARK [2][-]{subsection.11.1}{\376\377\172\172\154\024\116\055\215\205\130\360\154\342\154\342\220\037\166\204\155\113\213\325}{section.11}% 35
\BOOKMARK [3][-]{subsubsection.11.1.1}{\376\377\133\236\232\214\145\160\143\156\213\260\137\125}{subsection.11.1}% 36
\BOOKMARK [3][-]{subsubsection.11.1.2}{\376\377\145\160\143\156\131\004\164\006\213\364\146\016}{subsection.11.1}% 37
\BOOKMARK [2][-]{subsection.11.2}{\376\377\154\064\116\055\215\205\130\360\154\342\154\342\220\037\166\204\155\113\213\325}{section.11}% 38
\BOOKMARK [3][-]{subsubsection.11.2.1}{\376\377\133\236\232\214\145\160\143\156\213\260\137\125\377\010\210\150\0008\377\011}{subsection.11.2}% 39
\BOOKMARK [3][-]{subsubsection.11.2.2}{\376\377\176\323\147\234\116\016\122\006\147\220}{subsection.11.2}% 40
\BOOKMARK [1][-]{section.12}{\376\377\230\204\116\140\142\245\124\112\124\214\123\237\131\313\213\260\137\125}{part.2}% 41
