\BOOKMARK [1][-]{section.1}{\376\377\133\236\232\214\123\237\164\006}{}% 1
\BOOKMARK [2][-]{subsection.1.1}{\376\377\205\204\220\017\225\134\161\046\215\335\166\204\155\113\133\232\133\236\232\214\123\237\164\006}{section.1}% 2
\BOOKMARK [3][-]{subsubsection.1.1.1}{\376\377\142\020\120\317\121\154\137\017\154\325}{subsection.1.1}% 3
\BOOKMARK [3][-]{subsubsection.1.1.2}{\376\377\201\352\121\306\166\364\154\325}{subsection.1.1}% 4
\BOOKMARK [3][-]{subsubsection.1.1.3}{\376\377\121\371\220\017\225\134\161\046\215\335\155\113\133\232\377\010\217\205\122\251\220\017\225\134\154\325\377\011}{subsection.1.1}% 5
\BOOKMARK [2][-]{subsection.1.2}{\376\377\226\077\215\035\142\020\120\317\123\237\164\006}{section.1}% 6
\BOOKMARK [3][-]{subsubsection.1.2.1}{\376\377\142\020\120\317\164\006\213\272\166\204\157\024\217\333\133\371\153\324}{subsection.1.2}% 7
\BOOKMARK [3][-]{subsubsection.1.2.2}{\376\377\226\077\215\035\142\020\120\317\123\237\164\006\166\204\145\160\133\146\213\301\146\016}{subsection.1.2}% 8
\BOOKMARK [3][-]{subsubsection.1.2.3}{\376\377\122\006\147\220}{subsection.1.2}% 9
\BOOKMARK [2][-]{subsection.1.3}{\376\377\121\111\133\146\0004\000F\126\376\120\317}{section.1}% 10
\BOOKMARK [3][-]{subsubsection.1.3.1}{\376\377\123\125\220\017\225\134\142\020\120\317\174\373\176\337\166\204\134\100\226\120\140\047}{subsection.1.3}% 11
\BOOKMARK [3][-]{subsubsection.1.3.2}{\376\377\0004\000F\174\373\176\337\166\204\176\323\147\204\116\016\135\345\117\134\123\237\164\006}{subsection.1.3}% 12
\BOOKMARK [3][-]{subsubsection.1.3.3}{\376\377\0004\000F\174\373\176\337\166\204\150\070\137\303\117\030\122\277}{subsection.1.3}% 13
\BOOKMARK [2][-]{subsection.1.4}{\376\377\003\270\214\003\122\066\172\172\225\364\120\107\137\151\202\162\177\026\170\001\133\236\232\214\123\237\164\006\116\016\210\305\177\156}{section.1}% 14
\BOOKMARK [3][-]{subsubsection.1.4.1}{\376\377\003\270\214\003\122\066\123\237\164\006\116\016\150\067\124\301\176\323\147\204}{subsection.1.4}% 15
\BOOKMARK [3][-]{subsubsection.1.4.2}{\376\377\166\175\121\111\210\115\134\004\116\016\230\221\214\061\227\142\162\171\140\047}{subsection.1.4}% 16
\BOOKMARK [3][-]{subsubsection.1.4.3}{\376\377\172\172\225\364\220\011\202\162\156\344\154\342\116\016\120\107\137\151\202\162\142\020\120\317}{subsection.1.4}% 17
\BOOKMARK [3][-]{subsubsection.1.4.4}{\376\377\133\236\232\214\116\352\126\150\116\016\174\373\176\337\176\304\142\020}{subsection.1.4}% 18
\BOOKMARK [1][-]{section.2}{\376\377\133\236\232\214\144\315\117\134}{}% 19
\BOOKMARK [2][-]{subsection.2.1}{\376\377\205\204\220\017\225\134\161\046\215\335\166\204\155\113\133\232}{section.2}% 20
\BOOKMARK [3][-]{subsubsection.2.1.1}{\376\377\142\020\120\317\121\154\137\017\154\325\155\113\133\232\121\370\220\017\225\134\161\046\215\335}{subsection.2.1}% 21
\BOOKMARK [3][-]{subsubsection.2.1.2}{\376\377\116\214\153\041\142\020\120\317\154\325\155\113\133\232\121\370\220\017\225\134\161\046\215\335}{subsection.2.1}% 22
\BOOKMARK [3][-]{subsubsection.2.1.3}{\376\377\201\352\121\306\166\364\154\325\155\113\133\232\121\370\220\017\225\134\161\046\215\335}{subsection.2.1}% 23
\BOOKMARK [3][-]{subsubsection.2.1.4}{\376\377\217\205\122\251\220\017\225\134\154\325\155\113\133\232\121\371\220\017\225\134\161\046\215\335}{subsection.2.1}% 24
\BOOKMARK [2][-]{subsection.2.2}{\376\377\226\077\215\035\142\020\120\317\123\237\164\006\123\312\172\172\225\364\156\344\154\342\133\236\232\214}{section.2}% 25
\BOOKMARK [3][-]{subsubsection.2.2.1}{\376\377\121\111\215\357\144\055\136\372\116\016\121\161\217\164\214\003\202\202}{subsection.2.2}% 26
\BOOKMARK [3][-]{subsubsection.2.2.2}{\376\377\230\221\214\061\211\302\133\337\116\016\142\020\120\317\150\041\121\306}{subsection.2.2}% 27
\BOOKMARK [3][-]{subsubsection.2.2.3}{\376\377\172\172\225\364\156\344\154\342\144\315\117\134\116\016\163\260\214\141\211\302\133\337}{subsection.2.2}% 28
\BOOKMARK [2][-]{subsection.2.3}{\376\377\121\111\133\146\0004\000F\174\373\176\337\142\020\120\317\133\236\232\214}{section.2}% 29
\BOOKMARK [3][-]{subsubsection.2.3.1}{\376\377\133\236\232\214\210\305\177\156\144\055\136\372\116\016\214\003\202\202}{subsection.2.3}% 30
\BOOKMARK [3][-]{subsubsection.2.3.2}{\376\377\142\020\120\317\211\302\133\337\116\016\230\221\214\061\122\006\147\220}{subsection.2.3}% 31
\BOOKMARK [2][-]{subsection.2.4}{\376\377\003\270\214\003\122\066\172\172\225\364\120\107\137\151\202\162\177\026\170\001\133\236\232\214\144\315\117\134}{section.2}% 32
\BOOKMARK [3][-]{subsubsection.2.4.1}{\376\377\121\111\215\357\136\003\177\156\124\214\214\003\202\202}{subsection.2.4}% 33
\BOOKMARK [3][-]{subsubsection.2.4.2}{\376\377\003\270\214\003\122\066\123\312\163\260\214\141\211\302\133\337}{subsection.2.4}% 34
\BOOKMARK [2][-]{subsection.2.5}{\376\377\131\053\164\005\124\214\215\071\210\115\134\004\116\016\203\362\155\205\134\024\210\115\134\004\157\024\171\072\133\236\232\214}{section.2}% 35
\BOOKMARK [3][-]{subsubsection.2.5.1}{\376\377\133\236\232\214\121\205\133\271\116\016\211\302\133\337\221\315\160\271}{subsection.2.5}% 36
\BOOKMARK [3][-]{subsubsection.2.5.2}{\376\377\122\006\122\022\147\177\123\302\145\160\213\364\146\016}{subsection.2.5}% 37
\BOOKMARK [1][-]{section.3}{\376\377\133\236\232\214\176\323\147\234}{}% 38
\BOOKMARK [2][-]{subsection.3.1}{\376\377\226\077\215\035\134\024\142\020\120\317\133\236\232\214\126\376}{section.3}% 39
\BOOKMARK [2][-]{subsection.3.2}{\376\377\121\111\133\146\0004\000F\174\373\176\337\142\020\120\317\176\323\147\234}{section.3}% 40
\BOOKMARK [2][-]{subsection.3.3}{\376\377\003\270\214\003\122\066\120\107\137\151\202\162\177\026\170\001\176\323\147\234}{section.3}% 41
\BOOKMARK [2][-]{subsection.3.4}{\376\377\131\053\164\005\124\214\215\071\210\115\134\004\116\016\203\362\155\205\134\024\210\115\134\004\133\236\232\214\176\323\147\234}{section.3}% 42
\BOOKMARK [1][-]{section.4}{\376\377\140\035\200\003\230\230\211\343\173\124}{}% 43
