\BOOKMARK [1][-]{section.1}{\376\377\133\236\232\214\166\356\166\204}{}% 1
\BOOKMARK [1][-]{section.2}{\376\377\133\236\232\214\116\352\126\150\116\016\165\050\121\167}{}% 2
\BOOKMARK [1][-]{section.3}{\376\377\133\236\232\214\123\237\164\006}{}% 3
\BOOKMARK [2][-]{subsection.3.1}{\376\377\206\132\142\337\116\352\126\150\166\204\170\154\116\366}{section.3}% 4
\BOOKMARK [2][-]{subsection.3.2}{\376\377\206\132\142\337\116\352\126\150\166\204\217\157\116\366}{section.3}% 5
\BOOKMARK [2][-]{subsection.3.3}{\376\377\206\132\142\337\116\352\126\150\155\113\221\317\117\017\133\211\162\171\140\047\123\237\164\006}{section.3}% 6
\BOOKMARK [1][-]{section.4}{\376\377\133\236\232\214\121\205\133\271}{}% 7
\BOOKMARK [2][-]{subsection.4.1}{\376\377\000L\000a\000b\000V\000I\000E\000W\137\000\123\321\163\257\130\203\166\204\124\057\122\250\116\016\165\114\227\142\144\315\117\134\153\145\232\244}{section.4}% 8
\BOOKMARK [2][-]{subsection.4.2}{\376\377\152\041\142\337\156\051\136\246\155\113\221\317\172\013\136\217\166\204\122\033\136\372}{section.4}% 9
\BOOKMARK [3][-]{subsubsection.4.2.1}{\376\377\156\051\136\246\155\113\221\317\166\204\152\041\142\337\123\237\164\006}{subsection.4.2}% 10
\BOOKMARK [3][-]{subsubsection.4.2.2}{\376\377\133\236\232\214\153\145\232\244}{subsection.4.2}% 11
\BOOKMARK [3][-]{subsubsection.4.2.3}{\376\377\122\033\136\372\122\115\227\142\147\177}{subsection.4.2}% 12
\BOOKMARK [3][-]{subsubsection.4.2.4}{\376\377\122\033\136\372\172\013\136\217\150\106\126\376}{subsection.4.2}% 13
\BOOKMARK [3][-]{subsubsection.4.2.5}{\376\377\217\320\210\114\172\013\136\217}{subsection.4.2}% 14
\BOOKMARK [2][-]{subsection.4.3}{\376\377\165\065\123\213\217\223\121\372\116\016\221\307\226\306\172\013\136\217\166\204\122\033\136\372}{section.4}% 15
\BOOKMARK [3][-]{subsubsection.4.3.1}{\376\377\133\236\232\214\153\145\232\244}{subsection.4.3}% 16
\BOOKMARK [3][-]{subsubsection.4.3.2}{\376\377\177\026\121\231\217\223\121\372\165\065\123\213\172\013\136\217}{subsection.4.3}% 17
\BOOKMARK [3][-]{subsubsection.4.3.3}{\376\377\177\026\121\231\221\307\226\306\165\065\123\213\172\013\136\217}{subsection.4.3}% 18
\BOOKMARK [3][-]{subsubsection.4.3.4}{\376\377\170\154\116\366\217\336\143\245}{subsection.4.3}% 19
\BOOKMARK [3][-]{subsubsection.4.3.5}{\376\377\217\320\210\114\172\013\136\217}{subsection.4.3}% 20
\BOOKMARK [3][-]{subsubsection.4.3.6}{\376\377\172\013\136\217\165\114\227\142\116\016\150\106\126\376}{subsection.4.3}% 21
\BOOKMARK [2][-]{subsection.4.4}{\376\377\127\372\116\216\206\132\142\337\116\352\126\150\166\204\117\017\133\211\162\171\140\047\155\113\221\317\172\013\136\217\122\033\136\372\116\016\133\236\232\214}{section.4}% 22
\BOOKMARK [3][-]{subsubsection.4.4.1}{\376\377\122\033\136\372\122\115\227\142\147\177}{subsection.4.4}% 23
\BOOKMARK [3][-]{subsubsection.4.4.2}{\376\377\122\033\136\372\172\013\136\217\150\106\126\376}{subsection.4.4}% 24
\BOOKMARK [3][-]{subsubsection.4.4.3}{\376\377\153\143\170\156\217\336\143\245\131\026\220\350\165\065\215\357}{subsection.4.4}% 25
\BOOKMARK [3][-]{subsubsection.4.4.4}{\376\377\217\320\210\114\172\013\136\217}{subsection.4.4}% 26
\BOOKMARK [1][-]{section.5}{\376\377\133\236\232\214\145\160\143\156\116\016\131\004\164\006}{}% 27
\BOOKMARK [2][-]{subsection.5.1}{\376\377\133\236\232\214\165\065\215\357\217\336\143\245}{section.5}% 28
\BOOKMARK [2][-]{subsection.5.2}{\376\377\0001\0000\0000\003\251\155\113\221\317\145\160\143\156\213\260\137\125\116\016\145\164\164\006}{section.5}% 29
\BOOKMARK [1][-]{section.6}{\376\377\0001\0000\0000\0000\003\251\133\236\232\214\145\160\143\156\213\260\137\125\116\016\122\006\147\220}{}% 30
\BOOKMARK [1][-]{section.7}{\376\377\116\214\147\201\173\241\153\143\124\021\133\236\232\214\145\160\143\156\213\260\137\125\116\016\122\006\147\220}{}% 31
\BOOKMARK [1][-]{section.8}{\376\377\116\214\147\201\173\241\123\315\124\021\133\236\232\214\145\160\143\156\213\260\137\125\116\016\122\006\147\220}{}% 32
\BOOKMARK [1][-]{section.9}{\376\377\133\236\232\214\141\037\140\363}{}% 33
\BOOKMARK [2][-]{subsection.9.1}{\376\377\133\371\206\132\142\337\116\352\126\150\142\200\147\057\166\204\213\244\213\306}{section.9}% 34
\BOOKMARK [2][-]{subsection.9.2}{\376\377\133\371\162\151\164\006\123\237\164\006\166\204\155\361\123\026\164\006\211\343}{section.9}% 35
\BOOKMARK [2][-]{subsection.9.3}{\376\377\145\160\143\156\131\004\164\006\116\016\213\357\135\356\122\006\147\220\200\375\122\233\166\204\143\320\123\107}{section.9}% 36
\BOOKMARK [2][-]{subsection.9.4}{\376\377\133\236\232\214\142\200\200\375\116\016\171\321\133\146\175\040\121\173\166\204\127\371\121\173}{section.9}% 37
\BOOKMARK [2][-]{subsection.9.5}{\376\377\133\371\153\324\117\040\176\337\133\236\232\214\166\204\140\035\200\003}{section.9}% 38
\BOOKMARK [2][-]{subsection.9.6}{\376\377\147\052\147\145\134\125\147\033\116\016\145\071\217\333\145\271\124\021}{section.9}% 39
\BOOKMARK [2][-]{subsection.9.7}{\376\377\176\323\213\355}{section.9}% 40
\BOOKMARK [1][-]{section.10}{\376\377\230\204\116\140\142\245\124\112}{}% 41
